---
source: crates/vcs-hooks/tests/hooks_generator_test.rs
expression: "fs::read_to_string(post_push).unwrap()"
---
#!/usr/bin/env bash
set -eo pipefail

./.moon/hooks/post-push.sh $1 $2 $3
