---
source: crates/cli/tests/generate_test.rs
assertion_line: 259
expression: "fs::read_to_string(fixture.path().join(\"./test/to-NEW.txt\")).unwrap()"
---
Route to a new path!

