---
source: crates/cli/tests/project_graph_test.rs
assertion_line: 14
expression: assert.output()
---
digraph {
}



