---
source: crates/cli/tests/project_test.rs
expression: get_assert_stderr_output(&assert.inner)
---
Error: project_graph::unknown_id

  Ã— No project has been configured with the identifier or alias unknown.



