---
source: crates/cli/tests/query_test.rs
expression: assert.output()
---
Left:  a
Right: b

 {
+  "command": "base",
-  "command": "other",
   "args": [
     "a",
+    "b",
-    "123",
     "c"
   ]
 }


