---
source: crates/cli/tests/run_system_test.rs
expression: assert.output()
---
▪▪▪▪ unix:exitZero
stdout
▪▪▪▪ unix:exitZero (100ms)

Tasks: 1 completed
 Time: 100ms

stderr


