---
source: crates/cli/tests/run_system_test.rs
expression: assert.output()
---
▪▪▪▪ windows:exitZero
stdout
▪▪▪▪ windows:exitZero (100ms)

Tasks: 1 completed
 Time: 100ms

stderr 


