---
source: legacy/cli/tests/run_test.rs
expression: assert.output()
---
▪▪▪▪ npm install
▪▪▪▪ noop:noop (no op)

Tasks: 1 completed
 Time: 100ms
