---
source: legacy/cli/tests/run_system_test.rs
expression: assert.output()
---
▪▪▪▪ windows:exitNonZero
stdout
▪▪▪▪ windows:exitNonZero (100ms)
stderr 
Error: task_runner::run_failed

  × Task windows:exitNonZero failed to run.
  ╰─▶ Process cmd.exe failed: exit code 1
