---
source: crates/cli/tests/run_node_test.rs
assertion_line: 523
expression: "read_to_string(sandbox.path().join(\"depends-on/package.json\")).unwrap()"
---
{
  "name": "test-node-depends-on",
  "dependencies": {
    "react": "17.0.0",
    "test-node-deps-a": "~1.2.3",
    "test-node-deps-b": "~4.5.6"
  }
}

