---
source: crates/cli/tests/run_typescript_test.rs
expression: "read_to_string(sandbox.path().join(\"tsconfig.json\")).unwrap()"
---
{
  "files": []
}

