---
source: crates/cli/tests/run_test.rs
assertion_line: 99
expression: get_assert_output(&assert)
---
▪▪▪▪ base:runFromWorkspace
echo 'from workspace' (in workspace)
from workspace
▪▪▪▪ base:runFromWorkspace (100ms)

Tasks: 1 completed
 Time: 100ms



