---
source: crates/cli/tests/run_typescript_test.rs
expression: synced_root
---
{
  "files": [],
  "references": [
    {
      "path": "create-config"
    }
  ]
}

