---
source: crates/cli/tests/run_node_test.rs
expression: assert.output()
---
▪▪▪▪ npm:viaScript
node+npm platform
v18.0.0
8.0.0
▪▪▪▪ npm:viaScript (100ms)

Tasks: 1 completed
 Time: 100ms
