---
source: crates/cli/tests/run_test.rs
assertion_line: 703
expression: get_assert_output(&assert)
---
▪▪▪▪ npm install
▪▪▪▪ outputs:generateFile
▪▪▪▪ outputs:generateFile (100ms)
▪▪▪▪ noop:noopWithDeps (no op)

Tasks: 2 completed
 Time: 100ms



