---
source: crates/cli/tests/run_test.rs
expression: assert.output()
---
Error: task_graph::unknown_target

  Ã— Unknown task unknown for project base.
  help: Has this task been configured?
