---
source: crates/cli/tests/run_test.rs
expression: assert.output()
---
Error: target::run_context::no_deps_scope

  Ã— Dependencies scope (^:) is not supported in run contexts.



