---
source: crates/cli/tests/run_rust_test.rs
expression: assert.output()
---
▪▪▪▪ cargo generate-lockfile
▪▪▪▪ rust:exitZero
stdout
▪▪▪▪ rust:exitZero (100ms)

Tasks: 1 completed
 Time: 100ms

stderr


