---
source: crates/cli/tests/run_bun_test.rs
expression: assert.output()
---
▪▪▪▪ bun install
▪▪▪▪ bun:version
1.2.2
▪▪▪▪ bun:version (100ms)

Tasks: 1 completed
 Time: 100ms
